Microchip MPLAB XC8 Compiler V1.38 ()

Linker command line:

-W-3 --edf=/Applications/microchip/xc8/v1.38/dat/en_msgs.txt -cs \
  -h+dist/default/production/lab7.X.production.sym \
  --cmf=dist/default/production/lab7.X.production.cmf -z -Q18F4520 \
  -o/tmp/xcG3IB3st -Mdist/default/production/lab7.X.production.map -E1 \
  -ver=XC8 -ASTACK=098h-05ffh -pstack=STACK -ACODE=00h-07FFFh \
  -ACONST=00h-07FFFh -ASMALLCONST=0600h-06FFhx122 \
  -AMEDIUMCONST=0600h-07FFFh -ACOMRAM=01h-07Fh -AABS1=00h-05FFh \
  -ABIGRAM=01h-05FFh -ARAM=080h-0FFh,0100h-01FFhx5 -ABANK0=080h-0FFh \
  -ABANK1=0100h-01FFh -ABANK2=0200h-02FFh -ABANK3=0300h-03FFh \
  -ABANK4=0400h-04FFh -ABANK5=0500h-05FFh -ASFR=0F80h-0FFFh \
  -preset_vec=00h,intcode=08h,intcodelo=018h,powerup,init,end_init \
  -pramtop=0600h -psmallconst=SMALLCONST -pmediumconst=MEDIUMCONST \
  -pconst=CONST -AFARRAM=00h-00h -ACONFIG=0300000h-030000Dh -pconfig=CONFIG \
  -AIDLOC=0200000h-0200007h -pidloc=IDLOC -AEEDATA=0F00000h-0F000FFh \
  -peeprom_data=EEDATA \
  -prdata=COMRAM,nvrram=COMRAM,nvbit=COMRAM,rbss=COMRAM,rbit=COMRAM \
  -pfarbss=FARRAM,fardata=FARRAM,nvFARRAM=FARRAM \
  -pintsave_regs=BIGRAM,bigbss=BIGRAM,bigdata=BIGRAM -pbss=RAM \
  -pidata=CODE,irdata=CODE,ibigdata=CODE,ifardata=CODE -prparam=COMRAM \
  /tmp/xcxQWyeUq.obj dist/default/production/lab7.X.production.obj 

Object code version is 3.11

Machine type is 18F4520

Call graph: (short form)




                Name                               Link     Load   Length Selector   Space Scale
/tmp/xcxQWyeUq.obj
                stack                                98       98      568       98       2
                end_init                            38A      38A        4        C       0
                init                                386      386        4        C       0
                reset_vec                             0        0        4        0       0
                idloc                            200000   200000        8   200000       0
                config                           300000   300000        E   300000       0
dist/default/production/lab7.X.production.obj
                intcodelo                            18       18      36E        C       0
                intcode                               8        8       10        4       0
                temp                                 52       52        C        1       1
                mediumconst                        7312     7312      CEE     3989       0
                text55                             4290     4290       78        C       0
                intcode_body                       1F86     1F86      1FA        C       0
                text53                             4476     4476       44        C       0
                text52                             442E     442E       48        C       0
                text50                             45D0     45D0       2A        C       0
                text49                             2362     2362      1CC        C       0
                text48                             1800     1800      30C        C       0
                text47                             3982     3982      118        C       0
                text46                             1D6C     1D6C      21A        C       0
                text45                              38E      38E     1032        C       0
                text44                             35E4     35E4      138        C       0
                text43                             4216     4216       7A        C       0
                text42                             4682     4682       16        C       0
                text41                             43DC     43DC       52        C       0
                text40                             4090     4090       8C        C       0
                text39                             466C     466C       16        C       0
                text38                             4376     4376       66        C       0
                text37                             3C9C     3C9C       D6        C       0
                text36                             3A9A     3A9A      102        C       0
                text35                             309E     309E      176        C       0
                text34                             459E     459E       32        C       0
                text33                             3E20     3E20       AC        C       0
                text32                             3850     3850      132        C       0
                text31                             44BA     44BA       42        C       0
                text30                             1B0C     1B0C      260        C       0
                text29                             2180     2180      1E2        C       0
                text28                             3B9C     3B9C      100        C       0
                text27                             3F6C     3F6C       96        C       0
                text26                             13C0     13C0      440        C       0
                text25                             3D72     3D72       AE        C       0
                text24                             4002     4002       8E        C       0
                text23                             28B6     28B6      1B8        C       0
                text22                             2D9E     2D9E      184        C       0
                text21                             46AC     46AC       14        C       0
                text20                             2F22     2F22      17C        C       0
                text19                             3362     3362      144        C       0
                text18                             252E     252E      1C8        C       0
                text17                             44FC     44FC       38        C       0
                text16                             34A6     34A6      13E        C       0
                text15                             46D2     46D2       10     2369       0
                text14                             2C08     2C08      196        C       0
                text13                             3214     3214      14E        C       0
                text12                             4308     4308       6E        C       0
                text11                             371C     371C      134        C       0
                text10                             45FA     45FA       28        C       0
                text9                              4656     4656       16        C       0
                text8                              3ECC     3ECC       A0        C       0
                text7                              4622     4622       1E        C       0
                text6                              26F6     26F6      1C0        C       0
                text5                              456A     456A       34        C       0
                text4                              2A6E     2A6E      19A        C       0
                text3                              419C     419C       7A        C       0
                text2                              4640     4640       16        C       0
                text1                              4698     4698       14        C       0
                text0                              411C     411C       80        C       0
                cstackCOMRAM                         27       27       1A        1       1
                cstackBANK0                          80       80       18       80       1
                dataCOMRAM                           41       41       11        1       1
                bssCOMRAM                             1        1       26        1       1
                cinit                              4534     4534       36        C       0
                idataCOMRAM                        46C0     46C0       11        C       0

TOTAL           Name                               Link     Load   Length     Space
        CLASS   STACK          
                stack                                98       98      568         2

        CLASS   CODE           
                end_init                            38A      38A        4         0
                init                                386      386        4         0
                intcodelo                            18       18      36E         0
                intcode                               8        8       10         0
                reset_vec                             0        0        4         0
                text55                             4290     4290       78         0
                intcode_body                       1F86     1F86      1FA         0
                text53                             4476     4476       44         0
                text52                             442E     442E       48         0
                text50                             45D0     45D0       2A         0
                text49                             2362     2362      1CC         0
                text48                             1800     1800      30C         0
                text47                             3982     3982      118         0
                text46                             1D6C     1D6C      21A         0
                text45                              38E      38E     1032         0
                text44                             35E4     35E4      138         0
                text43                             4216     4216       7A         0
                text42                             4682     4682       16         0
                text41                             43DC     43DC       52         0
                text40                             4090     4090       8C         0
                text39                             466C     466C       16         0
                text38                             4376     4376       66         0
                text37                             3C9C     3C9C       D6         0
                text36                             3A9A     3A9A      102         0
                text35                             309E     309E      176         0
                text34                             459E     459E       32         0
                text33                             3E20     3E20       AC         0
                text32                             3850     3850      132         0
                text31                             44BA     44BA       42         0
                text30                             1B0C     1B0C      260         0
                text29                             2180     2180      1E2         0
                text28                             3B9C     3B9C      100         0
                text27                             3F6C     3F6C       96         0
                text26                             13C0     13C0      440         0
                text25                             3D72     3D72       AE         0
                text24                             4002     4002       8E         0
                text23                             28B6     28B6      1B8         0
                text22                             2D9E     2D9E      184         0
                text21                             46AC     46AC       14         0
                text20                             2F22     2F22      17C         0
                text19                             3362     3362      144         0
                text18                             252E     252E      1C8         0
                text17                             44FC     44FC       38         0
                text16                             34A6     34A6      13E         0
                text15                             46D2     46D2       10         0
                text14                             2C08     2C08      196         0
                text13                             3214     3214      14E         0
                text12                             4308     4308       6E         0
                text11                             371C     371C      134         0
                text10                             45FA     45FA       28         0
                text9                              4656     4656       16         0
                text8                              3ECC     3ECC       A0         0
                text7                              4622     4622       1E         0
                text6                              26F6     26F6      1C0         0
                text5                              456A     456A       34         0
                text4                              2A6E     2A6E      19A         0
                text3                              419C     419C       7A         0
                text2                              4640     4640       16         0
                text1                              4698     4698       14         0
                text0                              411C     411C       80         0
                cinit                              4534     4534       36         0
                idataCOMRAM                        46C0     46C0       11         0

        CLASS   CONST          

        CLASS   SMALLCONST     

        CLASS   MEDIUMCONST    
                mediumconst                        7312     7312      CEE         0

        CLASS   COMRAM         
                temp                                 52       52        C         1
                cstackCOMRAM                         27       27       1A         1
                dataCOMRAM                           41       41       11         1
                bssCOMRAM                             1        1       26         1

        CLASS   ABS1           

        CLASS   BIGRAM         

        CLASS   RAM            

        CLASS   BANK0          
                cstackBANK0                          80       80       18         1

        CLASS   BANK1          

        CLASS   BANK2          

        CLASS   BANK3          

        CLASS   BANK4          

        CLASS   BANK5          

        CLASS   SFR            

        CLASS   FARRAM         

        CLASS   CONFIG         
                config                           300000   300000        E         0

        CLASS   IDLOC          
                idloc                            200000   200000        8         0

        CLASS   EEDATA         



SEGMENTS        Name                           Load    Length   Top    Selector   Space  Class

                reset_vec                      000000  000004  000004         0       0  CODE    
                bssCOMRAM                      000001  00005D  00005E         1       1  COMRAM  
                intcode                        000008  000010  000018         4       0  CODE    
                intcodelo                      000018  0046B9  0046D1         C       0  CODE    
                cstackBANK0                    000080  000018  000098        80       1  BANK0   
                stack                          000098  000568  000600        98       2  STACK   
                text15                         0046D2  000010  0046E2      2369       0  CODE    
                mediumconst                    007312  000CEE  008000      3989       0  MEDIUMCO
                idloc                          200000  000008  200008    200000       0  IDLOC   
                config                         300000  00000E  30000E    300000       0  CONFIG  


UNUSED ADDRESS RANGES

        Name                Unused          Largest block    Delta
        BANK0            000098-0000FF               68
        BANK1            000100-0001FF              100
        BANK2            000200-0002FF              100
        BANK3            000300-0003FF              100
        BANK4            000400-0004FF              100
        BANK5            000500-0005FF              100
        BIGRAM           00005E-00007F               22
                         000098-0005FF              568
        CODE             000004-000007                4
                         0046D1-0046D1                1
                         0046E2-007311             2C30
        COMRAM           00005E-00007F               22
        CONST            000004-000007                4
                         0046D1-0046D1                1
                         0046E2-007311             2C30
        EEDATA           F00000-F000FF              100
        MEDIUMCONST      0046D1-0046D1                1
                         0046E2-007311             2C30
        RAM              000098-0005FF              100
        SFR              000F80-000FFF               80
        SMALLCONST       0046D1-0046D1                1
                         0046E2-007311              100

                                  Symbol Table

?___awtoft                 cstackCOMRAM 000036
?_getInput                 cstackCOMRAM 00003D
My_ISR_High@check          cstackCOMRAM 000034
_ADCON0                    (abs)        000FC2
_ADCON0bits                (abs)        000FC2
_ADCON1                    (abs)        000FC1
_ADCON2                    (abs)        000FC0
_ADIE                      (abs)        007CEE
_ADRESH                    (abs)        000FC4
_ADRESL                    (abs)        000FC3
_CARRY                     (abs)        007EC0
_CFGS                      (abs)        007D36
_EEADR                     (abs)        000FA9
_EECON1bits                (abs)        000FA6
_EECON2                    (abs)        000FA7
_EEDATA                    (abs)        000FA8
_EEPGD                     (abs)        007D37
_GIE                       (abs)        007F97
_INTCON2bits               (abs)        000FF1
_INTCONbits                (abs)        000FF2
_IPR1bits                  (abs)        000F9F
_Initial                   text7        004622
_My_ISR_High               intcode      000008
_My_ISR_Low                intcodelo    000018
_PIE1bits                  (abs)        000F9D
_PIR1bits                  (abs)        000F9E
_PIRStatusAddress          bssCOMRAM    000004
_PORTA                     (abs)        000F80
_PORTBbits                 (abs)        000F81
_PORTD                     (abs)        000F83
_PORTDbits                 (abs)        000F83
_RCONbits                  (abs)        000FD0
_RCREG                     (abs)        000FAE
_RCSTAbits                 (abs)        000FAB
_RD                        (abs)        007D30
_SPBRG                     (abs)        000FAF
_T0CON                     (abs)        000FD5
_T0CONbits                 (abs)        000FD5
_TMR0H                     (abs)        000FD7
_TMR0L                     (abs)        000FD6
_TRISA                     (abs)        000F92
_TRISAbits                 (abs)        000F92
_TRISB                     (abs)        000F93
_TRISBbits                 (abs)        000F93
_TRISC                     (abs)        000F94
_TRISCbits                 (abs)        000F94
_TRISD                     (abs)        000F95
_TRISE                     (abs)        000F96
_TXREG                     (abs)        000FAD
_TXSTAbits                 (abs)        000FAC
_WR                        (abs)        007D31
_WREN                      (abs)        007D32
__CFG_BOREN$SBORDIS        (abs)        000000
__CFG_BORV$3               (abs)        000000
__CFG_CCP2MX$PORTC         (abs)        000000
__CFG_CP0$OFF              (abs)        000000
__CFG_CP1$OFF              (abs)        000000
__CFG_CP2$OFF              (abs)        000000
__CFG_CP3$OFF              (abs)        000000
__CFG_CPB$OFF              (abs)        000000
__CFG_CPD$OFF              (abs)        000000
__CFG_EBTR0$OFF            (abs)        000000
__CFG_EBTR1$OFF            (abs)        000000
__CFG_EBTR2$OFF            (abs)        000000
__CFG_EBTR3$OFF            (abs)        000000
__CFG_EBTRB$OFF            (abs)        000000
__CFG_FCMEN$OFF            (abs)        000000
__CFG_IESO$OFF             (abs)        000000
__CFG_LPT1OSC$OFF          (abs)        000000
__CFG_LVP$OFF              (abs)        000000
__CFG_MCLRE$ON             (abs)        000000
__CFG_OSC$HS               (abs)        000000
__CFG_PBADEN$ON            (abs)        000000
__CFG_PWRT$OFF             (abs)        000000
__CFG_STVREN$ON            (abs)        000000
__CFG_WDT$OFF              (abs)        000000
__CFG_WDTPS$32768          (abs)        000000
__CFG_WRT0$OFF             (abs)        000000
__CFG_WRT1$OFF             (abs)        000000
__CFG_WRT2$OFF             (abs)        000000
__CFG_WRT3$OFF             (abs)        000000
__CFG_WRTB$OFF             (abs)        000000
__CFG_WRTC$OFF             (abs)        000000
__CFG_WRTD$OFF             (abs)        000000
__CFG_XINST$OFF            (abs)        000000
__HRAM                     (abs)        000000
__Habs1                    abs1         000000
__Hbank0                   bank0        000000
__Hbank1                   bank1        000000
__Hbank2                   bank2        000000
__Hbank3                   bank3        000000
__Hbank4                   bank4        000000
__Hbank5                   bank5        000000
__Hbigbss                  bigbss       000000
__Hbigdata                 bigdata      000000
__Hbigram                  bigram       000000
__Hbss                     bss          000000
__HbssCOMRAM               bssCOMRAM    000000
__Hcinit                   cinit        000000
__Hclrtext                 clrtext      000000
__Hcomram                  comram       000000
__Hconfig                  config       30000E
__Hconst                   const        000000
__HcstackBANK0             cstackBANK0  000000
__HcstackCOMRAM            cstackCOMRAM 000000
__Hdata                    data         000000
__HdataCOMRAM              dataCOMRAM   000000
__Heeprom_data             eeprom_data  000000
__Hend_init                end_init     00038E
__Hfarbss                  farbss       000000
__Hfardata                 fardata      000000
__Hibigdata                ibigdata     000000
__Hidata                   idata        000000
__HidataCOMRAM             idataCOMRAM  000000
__Hidloc                   idloc        200008
__Hifardata                ifardata     000000
__Hinit                    init         00038A
__Hintcode                 intcode      000018
__Hintcode_body            intcode_body 000000
__Hintcodelo               intcodelo    000386
__Hintentry                intentry     000000
__Hintret                  intret       000000
__Hintsave_regs            intsave_regs 000000
__Hirdata                  irdata       000000
__Hmediumconst             mediumconst  008000
__HnvFARRAM                nvFARRAM     000000
__Hnvbit                   nvbit        000000
__Hnvrram                  nvrram       000000
__Hparam                   rparam       000000
__Hpowerup                 powerup      000386
__Hram                     ram          000000
__Hramtop                  ramtop       000600
__Hrbit                    rbit         000000
__Hrbss                    rbss         000000
__Hrdata                   rdata        000000
__Hreset_vec               reset_vec    000004
__Hrparam                  rparam       000000
__Hsfr                     sfr          000000
__Hsmallconst              smallconst   000000
__Hspace_0                 (abs)        30000E
__Hspace_1                 (abs)        000098
__Hspace_2                 (abs)        000600
__Hstack                   stack        000600
__Hstruct                  struct       000000
__Htemp                    temp         00005E
__Htext                    text         000000
__Htext0                   text0        000000
__Htext1                   text1        000000
__Htext10                  text10       000000
__Htext11                  text11       000000
__Htext12                  text12       000000
__Htext13                  text13       000000
__Htext14                  text14       000000
__Htext15                  text15       000000
__Htext16                  text16       000000
__Htext17                  text17       000000
__Htext18                  text18       000000
__Htext19                  text19       000000
__Htext2                   text2        000000
__Htext20                  text20       000000
__Htext21                  text21       000000
__Htext22                  text22       000000
__Htext23                  text23       000000
__Htext24                  text24       000000
__Htext25                  text25       000000
__Htext26                  text26       000000
__Htext27                  text27       000000
__Htext28                  text28       000000
__Htext29                  text29       000000
__Htext3                   text3        000000
__Htext30                  text30       000000
__Htext31                  text31       000000
__Htext32                  text32       000000
__Htext33                  text33       000000
__Htext34                  text34       000000
__Htext35                  text35       000000
__Htext36                  text36       000000
__Htext37                  text37       000000
__Htext38                  text38       000000
__Htext39                  text39       000000
__Htext4                   text4        000000
__Htext40                  text40       000000
__Htext41                  text41       000000
__Htext42                  text42       000000
__Htext43                  text43       000000
__Htext44                  text44       000000
__Htext45                  text45       000000
__Htext46                  text46       000000
__Htext47                  text47       000000
__Htext48                  text48       000000
__Htext49                  text49       000000
__Htext5                   text5        000000
__Htext50                  text50       000000
__Htext52                  text52       000000
__Htext53                  text53       000000
__Htext55                  text55       000000
__Htext6                   text6        000000
__Htext7                   text7        000000
__Htext8                   text8        000000
__Htext9                   text9        000000
__LRAM                     (abs)        000001
__Labs1                    abs1         000000
__Lbank0                   bank0        000000
__Lbank1                   bank1        000000
__Lbank2                   bank2        000000
__Lbank3                   bank3        000000
__Lbank4                   bank4        000000
__Lbank5                   bank5        000000
__Lbigbss                  bigbss       000000
__Lbigdata                 bigdata      000000
__Lbigram                  bigram       000000
__Lbss                     bss          000000
__LbssCOMRAM               bssCOMRAM    000000
__Lcinit                   cinit        000000
__Lclrtext                 clrtext      000000
__Lcomram                  comram       000000
__Lconfig                  config       300000
__Lconst                   const        000000
__LcstackBANK0             cstackBANK0  000000
__LcstackCOMRAM            cstackCOMRAM 000000
__Ldata                    data         000000
__LdataCOMRAM              dataCOMRAM   000000
__Leeprom_data             eeprom_data  000000
__Lend_init                end_init     00038A
__Lfarbss                  farbss       000000
__Lfardata                 fardata      000000
__Libigdata                ibigdata     000000
__Lidata                   idata        000000
__LidataCOMRAM             idataCOMRAM  000000
__Lidloc                   idloc        200000
__Lifardata                ifardata     000000
__Linit                    init         000386
__Lintcode                 intcode      000008
__Lintcode_body            intcode_body 000000
__Lintcodelo               intcodelo    000018
__Lintentry                intentry     000000
__Lintret                  intret       000000
__Lintsave_regs            intsave_regs 000000
__Lirdata                  irdata       000000
__Lmediumconst             mediumconst  007312
__LnvFARRAM                nvFARRAM     000000
__Lnvbit                   nvbit        000000
__Lnvrram                  nvrram       000000
__Lparam                   rparam       000000
__Lpowerup                 powerup      000386
__Lram                     ram          000000
__Lramtop                  ramtop       000600
__Lrbit                    rbit         000000
__Lrbss                    rbss         000000
__Lrdata                   rdata        000000
__Lreset_vec               reset_vec    000000
__Lrparam                  rparam       000000
__Lsfr                     sfr          000000
__Lsmallconst              smallconst   000000
__Lspace_0                 (abs)        000000
__Lspace_1                 (abs)        000000
__Lspace_2                 (abs)        000000
__Lstack                   stack        000098
__Lstruct                  struct       000000
__Ltemp                    temp         000052
__Ltext                    text         000000
__Ltext0                   text0        000000
__Ltext1                   text1        000000
__Ltext10                  text10       000000
__Ltext11                  text11       000000
__Ltext12                  text12       000000
__Ltext13                  text13       000000
__Ltext14                  text14       000000
__Ltext15                  text15       000000
__Ltext16                  text16       000000
__Ltext17                  text17       000000
__Ltext18                  text18       000000
__Ltext19                  text19       000000
__Ltext2                   text2        000000
__Ltext20                  text20       000000
__Ltext21                  text21       000000
__Ltext22                  text22       000000
__Ltext23                  text23       000000
__Ltext24                  text24       000000
__Ltext25                  text25       000000
__Ltext26                  text26       000000
__Ltext27                  text27       000000
__Ltext28                  text28       000000
__Ltext29                  text29       000000
__Ltext3                   text3        000000
__Ltext30                  text30       000000
__Ltext31                  text31       000000
__Ltext32                  text32       000000
__Ltext33                  text33       000000
__Ltext34                  text34       000000
__Ltext35                  text35       000000
__Ltext36                  text36       000000
__Ltext37                  text37       000000
__Ltext38                  text38       000000
__Ltext39                  text39       000000
__Ltext4                   text4        000000
__Ltext40                  text40       000000
__Ltext41                  text41       000000
__Ltext42                  text42       000000
__Ltext43                  text43       000000
__Ltext44                  text44       000000
__Ltext45                  text45       000000
__Ltext46                  text46       000000
__Ltext47                  text47       000000
__Ltext48                  text48       000000
__Ltext49                  text49       000000
__Ltext5                   text5        000000
__Ltext50                  text50       000000
__Ltext52                  text52       000000
__Ltext53                  text53       000000
__Ltext55                  text55       000000
__Ltext6                   text6        000000
__Ltext7                   text7        000000
__Ltext8                   text8        000000
__Ltext9                   text9        000000
__S0                       (abs)        30000E
__S1                       (abs)        000098
__S2                       (abs)        000600
___awdiv                   text32       003850
___awmod                   text28       003B9C
___awtoft                  text53       004476
___awtoft@c                cstackCOMRAM 000036
___awtoft@sign             cstackCOMRAM 00003C
___ftadd                   text48       001800
___ftdiv                   text6        0026F6
___ftge                    text33       003E20
___ftmul                   text46       001D6C
___ftneg                   text34       00459E
___ftpack                  text47       003982
___ftsub                   text31       0044BA
___fttol                   text35       00309E
___inthi_sp                stack        000266
___intlo_sp                stack        000433
___lbdiv                   text25       003D72
___lbmod                   text24       004002
___lldiv                   text36       003A9A
___llmod                   text37       003C9C
___lltoft                  text38       004376
___lwtoft                  text5        00456A
___param_bank              (abs)        000010
___rparam_used             (abs)        000001
___sp                      stack        000098
___wmul                    text27       003F6C
__accesstop                (abs)        000080
__activetblptr             (abs)        000002
__div_to_l_                text30       001B0C
__end_of_Initial           text7        004640
__end_of_My_ISR_High       intcode_body 002180
__end_of_My_ISR_Low        intcodelo    000386
__end_of___awdiv           text32       003982
__end_of___awmod           text28       003C9C
__end_of___awtoft          text53       0044BA
__end_of___ftadd           text48       001B0C
__end_of___ftdiv           text6        0028B6
__end_of___ftge            text33       003ECC
__end_of___ftmul           text46       001F86
__end_of___ftneg           text34       0045D0
__end_of___ftpack          text47       003A9A
__end_of___ftsub           text31       0044FC
__end_of___fttol           text35       003214
__end_of___lbdiv           text25       003E20
__end_of___lbmod           text24       004090
__end_of___lldiv           text36       003B9C
__end_of___llmod           text37       003D72
__end_of___lltoft          text38       0043DC
__end_of___lwtoft          text5        00459E
__end_of___wmul            text27       004002
__end_of__div_to_l_        text30       001D6C
__end_of__initialization   cinit        004560
__end_of__npowers_         mediumconst  007362
__end_of__powers_          mediumconst  007389
__end_of__tdiv_to_l_       text29       002362
__end_of_atoi              text16       0035E4
__end_of_checkPassword     text12       004376
__end_of_checkStatus       text14       002D9E
__end_of_componentStatus   text44       00371C
__end_of_delay             text50       0045FA
__end_of_dpowers           mediumconst  00733B
__end_of_fround            text23       002A6E
__end_of_getInput          text19       0034A6
__end_of_getSingleInput    text52       004476
__end_of_getTempPassword   text11       003850
__end_of_getTempThreshold  text13       003362
__end_of_getTemperature    text4        002C08
__end_of_isdigit           text17       004534
__end_of_keypadOnly        text8        003F6C
__end_of_login             text41       00442E
__end_of_main              text0        00419C
__end_of_mainMenu          text49       00252E
__end_of_mainScreen        text40       00411C
__end_of_passcodeMenu      text18       0026F6
__end_of_pirMenu           text20       00309E
__end_of_printChar         text43       004290
__end_of_read_EEPROM       text39       004682
__end_of_reception         text9        00466C
__end_of_resetPIR          text55       004308
__end_of_resetScreen       text42       004698
__end_of_scale             text26       001800
__end_of_setPassword       text3        004216
__end_of_settingsCom       text2        004656
__end_of_settingsPIR       text21       0046C0
__end_of_settingsTimer     text1        0046AC
__end_of_sprintf           text45       0013C0
__end_of_tempSetting       text15       0046E2
__end_of_temperatureMenu   text22       002F22
__end_of_write_EEPROM      text10       004622
__initialization           cinit        004534
__mediumconst              mediumconst  007312
__npowers_                 mediumconst  00733B
__pbssCOMRAM               bssCOMRAM    000001
__pcinit                   cinit        004534
__pcstackBANK0             cstackBANK0  000080
__pcstackCOMRAM            cstackCOMRAM 000027
__pdataCOMRAM              dataCOMRAM   000041
__pidataCOMRAM             idataCOMRAM  0046C0
__pintcode                 intcode      000008
__pintcode_body            intcode_body 001F86
__pintcodelo               intcodelo    000018
__pmediumconst             mediumconst  007312
__powers_                  mediumconst  007362
__ptext0                   text0        00411C
__ptext1                   text1        004698
__ptext10                  text10       0045FA
__ptext11                  text11       00371C
__ptext12                  text12       004308
__ptext13                  text13       003214
__ptext14                  text14       002C08
__ptext15                  text15       0046D2
__ptext16                  text16       0034A6
__ptext17                  text17       0044FC
__ptext18                  text18       00252E
__ptext19                  text19       003362
__ptext2                   text2        004640
__ptext20                  text20       002F22
__ptext21                  text21       0046AC
__ptext22                  text22       002D9E
__ptext23                  text23       0028B6
__ptext24                  text24       004002
__ptext25                  text25       003D72
__ptext26                  text26       0013C0
__ptext27                  text27       003F6C
__ptext28                  text28       003B9C
__ptext29                  text29       002180
__ptext3                   text3        00419C
__ptext30                  text30       001B0C
__ptext31                  text31       0044BA
__ptext32                  text32       003850
__ptext33                  text33       003E20
__ptext34                  text34       00459E
__ptext35                  text35       00309E
__ptext36                  text36       003A9A
__ptext37                  text37       003C9C
__ptext38                  text38       004376
__ptext39                  text39       00466C
__ptext4                   text4        002A6E
__ptext40                  text40       004090
__ptext41                  text41       0043DC
__ptext42                  text42       004682
__ptext43                  text43       004216
__ptext44                  text44       0035E4
__ptext45                  text45       00038E
__ptext46                  text46       001D6C
__ptext47                  text47       003982
__ptext48                  text48       001800
__ptext49                  text49       002362
__ptext5                   text5        00456A
__ptext50                  text50       0045D0
__ptext52                  text52       00442E
__ptext53                  text53       004476
__ptext55                  text55       004290
__ptext6                   text6        0026F6
__ptext7                   text7        004622
__ptext8                   text8        003ECC
__ptext9                   text9        004656
__ramtop                   ramtop       000600
__size_of_Initial          (abs)        000000
__size_of_My_ISR_High      (abs)        000000
__size_of_My_ISR_Low       (abs)        000000
__size_of___awdiv          (abs)        000000
__size_of___awmod          (abs)        000000
__size_of___awtoft         (abs)        000000
__size_of___ftadd          (abs)        000000
__size_of___ftdiv          (abs)        000000
__size_of___ftge           (abs)        000000
__size_of___ftmul          (abs)        000000
__size_of___ftneg          (abs)        000000
__size_of___ftpack         (abs)        000000
__size_of___ftsub          (abs)        000000
__size_of___fttol          (abs)        000000
__size_of___lbdiv          (abs)        000000
__size_of___lbmod          (abs)        000000
__size_of___lldiv          (abs)        000000
__size_of___llmod          (abs)        000000
__size_of___lltoft         (abs)        000000
__size_of___lwtoft         (abs)        000000
__size_of___wmul           (abs)        000000
__size_of__div_to_l_       (abs)        000000
__size_of__tdiv_to_l_      (abs)        000000
__size_of_atoi             (abs)        000000
__size_of_checkPassword    (abs)        000000
__size_of_checkStatus      (abs)        000000
__size_of_componentStatus  (abs)        000000
__size_of_delay            (abs)        000000
__size_of_fround           (abs)        000000
__size_of_getInput         (abs)        000000
__size_of_getSingleInput   (abs)        000000
__size_of_getTempPassword  (abs)        000000
__size_of_getTempThreshold (abs)        000000
__size_of_getTemperature   (abs)        000000
__size_of_isdigit          (abs)        000000
__size_of_keypadOnly       (abs)        000000
__size_of_login            (abs)        000000
__size_of_main             (abs)        000000
__size_of_mainMenu         (abs)        000000
__size_of_mainScreen       (abs)        000000
__size_of_passcodeMenu     (abs)        000000
__size_of_pirMenu          (abs)        000000
__size_of_printChar        (abs)        000000
__size_of_read_EEPROM      (abs)        000000
__size_of_reception        (abs)        000000
__size_of_resetPIR         (abs)        000000
__size_of_resetScreen      (abs)        000000
__size_of_scale            (abs)        000000
__size_of_setPassword      (abs)        000000
__size_of_settingsCom      (abs)        000000
__size_of_settingsPIR      (abs)        000000
__size_of_settingsTimer    (abs)        000000
__size_of_sprintf          (abs)        000000
__size_of_tempSetting      (abs)        000000
__size_of_temperatureMenu  (abs)        000000
__size_of_write_EEPROM     (abs)        000000
__smallconst               smallconst   000000
__tdiv_to_l_               text29       002180
_address                   bssCOMRAM    000006
_atoi                      text16       0034A6
_bottom                    bssCOMRAM    000008
_checkPassword             text12       004308
_checkStatus               text14       002C08
_componentStatus           text44       0035E4
_currentTemp               bssCOMRAM    00001E
_degree                    dataCOMRAM   00004F
_delay                     text50       0045D0
_dpowers                   mediumconst  007313
_fround                    text23       0028B6
_getInput                  text19       003362
_getSingleInput            text52       00442E
_getTempPassword           text11       00371C
_getTempThreshold          text13       003214
_getTemperature            text4        002A6E
_i                         bssCOMRAM    00000A
_inputMethodAddress        dataCOMRAM   000041
_inputType                 dataCOMRAM   000043
_isdigit                   text17       0044FC
_keypadOnly                text8        003ECC
_keypadValue               bssCOMRAM    00001C
_login                     text41       0043DC
_main                      text0        00411C
_mainMenu                  text49       002362
_mainScreen                text40       004090
_option                    bssCOMRAM    00001D
_passcodeMenu              text18       00252E
_password                  bssCOMRAM    00000C
_pirMenu                   text20       002F22
_pirState                  dataCOMRAM   000045
_pot_vol                   bssCOMRAM    00000E
_printChar                 text43       004216
_read_EEPROM               text39       00466C
_reception                 text9        004656
_resetPIR                  text55       004290
_resetScreen               text42       004682
_scale                     text26       0013C0
_setPassword               text3        00419C
_settingsCom               text2        004640
_settingsPIR               text21       0046AC
_settingsTimer             text1        004698
_sprintf                   text45       00038E
_status                    bssCOMRAM    000010
_temp                      bssCOMRAM    000012
_temp1                     bssCOMRAM    000014
_tempPass                  bssCOMRAM    000016
_tempSetting               text15       0046D2
_tempState                 dataCOMRAM   000047
_tempStatusAddress         dataCOMRAM   000049
_tempThreshold             bssCOMRAM    000024
_tempThresholdAddress      dataCOMRAM   00004B
_temperature               bssCOMRAM    000001
_temperatureMenu           text22       002D9E
_thresholdTemp             dataCOMRAM   00004D
_top                       bssCOMRAM    000018
_valid                     bssCOMRAM    00001A
_write_EEPROM              text10       0045FA
btemp                      temp         000052
componentStatus@arr        cstackCOMRAM 00003D
end_of_initialization      cinit        004560
getInput@i                 cstackCOMRAM 00003F
int_func                   intcode_body 001F86
intlevel0                  text         000000
intlevel1                  text         000000
intlevel2                  text         000000
intlevel3                  text         000000
stackhi                    (abs)        0005FF
stacklo                    (abs)        000098
start                      init         000386
start_initialization       cinit        004534


FUNCTION INFORMATION:

 *************** function _main *****************
 Defined at:
		line 144 in file "lab7.c"
 Parameters:    Size  Location     Type
		None
 Auto vars:     Size  Location     Type
		None
 Return value:  Size  Location     Type
                  1    wreg      void 
 Registers used:
		wreg, fsr0l, fsr0h, fsr1l, fsr1h, fsr2l, fsr2h, status,2, status,0, pclat, btemp, btemp+1, btemp+2, btemp+3, btemp+4, btemp+5, btemp+6, btemp+7, btemp+8, btemp+9, btemp+10, btemp+11, tosl, structret, tblptrl, tblptrh, tblptru, prodl, prodh, bsr, cstack
 Tracked objects:
		On entry : 
		On exit  : 
		Unchanged: 
 Data sizes:     COMRAM   BANK0   BANK1   BANK2   BANK3   BANK4   BANK5
      Params:         0       0       0       0       0       0       0
      Locals:         0       0       0       0       0       0       0
      Temps:          0       0       0       0       0       0       0
      Totals:         0       0       0       0       0       0       0
Total ram usage:        0 bytes
 Hardware stack levels required when called:   20
 This function calls:
		_Initial
		_getTemperature
		_login
		_mainScreen
		_read_EEPROM
		_setPassword
		_settingsCom
		_settingsPIR
		_settingsTimer
		_tempSetting
 This function is called by:
		Startup code after reset
 This function uses a non-reentrant model


 *************** function _settingsTimer *****************
 Defined at:
		line 200 in file "lab7.c"
 Parameters:    Size  Location     Type
		None
 Auto vars:     Size  Location     Type
		None
 Return value:  Size  Location     Type
                  1    wreg      void 
 Registers used:
		wreg, status,2
 Tracked objects:
		On entry : 
		On exit  : 
		Unchanged: 
 Data sizes:     COMRAM   BANK0   BANK1   BANK2   BANK3   BANK4   BANK5
      Params:         0       0       0       0       0       0       0
      Locals:         0       0       0       0       0       0       0
      Temps:          0       0       0       0       0       0       0
      Totals:         0       0       0       0       0       0       0
Total ram usage:        0 bytes
 Hardware stack levels used:    1
 Hardware stack levels required when called:   10
 This function calls:
		Nothing
 This function is called by:
		_main
 This function uses a non-reentrant model


 *************** function _settingsCom *****************
 Defined at:
		line 187 in file "lab7.c"
 Parameters:    Size  Location     Type
		None
 Auto vars:     Size  Location     Type
		None
 Return value:  Size  Location     Type
                  1    wreg      void 
 Registers used:
		wreg, status,2
 Tracked objects:
		On entry : 
		On exit  : 
		Unchanged: 
 Data sizes:     COMRAM   BANK0   BANK1   BANK2   BANK3   BANK4   BANK5
      Params:         0       0       0       0       0       0       0
      Locals:         0       0       0       0       0       0       0
      Temps:          0       0       0       0       0       0       0
      Totals:         0       0       0       0       0       0       0
Total ram usage:        0 bytes
 Hardware stack levels used:    1
 Hardware stack levels required when called:   10
 This function calls:
		Nothing
 This function is called by:
		_main
 This function uses a non-reentrant model


 *************** function _setPassword *****************
 Defined at:
		line 838 in file "lab7.c"
 Parameters:    Size  Location     Type
		None
 Auto vars:     Size  Location     Type
		None
 Return value:  Size  Location     Type
                  1    wreg      void 
 Registers used:
		wreg, fsr0l, fsr0h, fsr1l, fsr1h, fsr2l, fsr2h, status,2, status,0, pclat, btemp, btemp+1, btemp+2, btemp+3, btemp+4, btemp+5, btemp+6, btemp+7, btemp+8, btemp+9, btemp+10, btemp+11, tosl, structret, tblptrl, tblptrh, tblptru, prodl, prodh, bsr, cstack
 Tracked objects:
		On entry : 
		On exit  : 
		Unchanged: 
 Data sizes:     COMRAM   BANK0   BANK1   BANK2   BANK3   BANK4   BANK5
      Params:         0       0       0       0       0       0       0
      Locals:         0       0       0       0       0       0       0
      Temps:          0       0       0       0       0       0       0
      Totals:         0       0       0       0       0       0       0
Total ram usage:        0 bytes
 Hardware stack levels used:    1
 Hardware stack levels required when called:   19
 This function calls:
		_componentStatus
		_delay
		_getInput
		_login
		_mainMenu
		_mainScreen
		_printChar
		_resetScreen
 This function is called by:
		_main
 This function uses a non-reentrant model


 *************** function _getTemperature *****************
 Defined at:
		line 1303 in file "lab7.c"
 Parameters:    Size  Location     Type
		None
 Auto vars:     Size  Location     Type
  arr             3  [STACK] unsigned char [3]
 Return value:  Size  Location     Type
                  1  [STACK] void 
 Registers used:
		wreg, fsr0l, fsr0h, fsr1l, fsr1h, fsr2l, fsr2h, status,2, status,0, btemp, btemp+1, btemp+2, btemp+3, btemp+4, btemp+5, btemp+6, btemp+7, btemp+8, btemp+9, btemp+10, btemp+11, tblptrl, tblptrh, tblptru, prodl, prodh
 Tracked objects:
		On entry : 
		On exit  : 
		Unchanged: 
 Data sizes:     COMRAM   BANK0   BANK1   BANK2   BANK3   BANK4   BANK5
      Params:         0       0       0       0       0       0       0
      Locals:         0       0       0       0       0       0       0
      Temps:          0       0       0       0       0       0       0
      Totals:         0       0       0       0       0       0       0
Total ram usage:        0 bytes
 Hardware stack levels used:    1
 Hardware stack levels required when called:   14
 This function calls:
		___ftadd
		___ftdiv
		___ftmul
		___lwtoft
		_sprintf
 This function is called by:
		_main
		_My_ISR_Low
 This function uses a reentrant model


 *************** function ___lwtoft *****************
 Defined at:
		line 28 in file "/Applications/microchip/xc8/v1.38/sources/common/lwtoft.c"
 Parameters:    Size  Location     Type
  c               2  [STACK] unsigned int 
 Auto vars:     Size  Location     Type
		None
 Return value:  Size  Location     Type
                  3  [STACK] float 
 Registers used:
		wreg, fsr1l, fsr1h, fsr2l, fsr2h, status,2, status,0, btemp, btemp+1, btemp+2, btemp+6, btemp+7, btemp+8, btemp+9, btemp+10, btemp+11
 Tracked objects:
		On entry : 
		On exit  : 
		Unchanged: 
 Data sizes:     COMRAM   BANK0   BANK1   BANK2   BANK3   BANK4   BANK5
      Params:         0       0       0       0       0       0       0
      Locals:         0       0       0       0       0       0       0
      Temps:          0       0       0       0       0       0       0
      Totals:         0       0       0       0       0       0       0
Total ram usage:        0 bytes
 Hardware stack levels used:    1
 Hardware stack levels required when called:   11
 This function calls:
		___ftpack
 This function is called by:
		_getTemperature
 This function uses a reentrant model


 *************** function ___ftdiv *****************
 Defined at:
		line 54 in file "/Applications/microchip/xc8/v1.38/sources/common/ftdiv.c"
 Parameters:    Size  Location     Type
  f1              3  [STACK] float 
  f2              3  [STACK] float 
 Auto vars:     Size  Location     Type
  f3              3  [STACK] float 
  sign            1  [STACK] unsigned char 
  exp             1  [STACK] unsigned char 
  cntr            1  [STACK] unsigned char 
 Return value:  Size  Location     Type
                  3  [STACK] float 
 Registers used:
		wreg, fsr1l, fsr1h, fsr2l, fsr2h, status,2, status,0, btemp, btemp+1, btemp+2, btemp+6, btemp+7, btemp+8, btemp+9, btemp+10, btemp+11
 Tracked objects:
		On entry : 
		On exit  : 
		Unchanged: 
 Data sizes:     COMRAM   BANK0   BANK1   BANK2   BANK3   BANK4   BANK5
      Params:         0       0       0       0       0       0       0
      Locals:         0       0       0       0       0       0       0
      Temps:          0       0       0       0       0       0       0
      Totals:         0       0       0       0       0       0       0
Total ram usage:        0 bytes
 Hardware stack levels used:    1
 Hardware stack levels required when called:   11
 This function calls:
		___ftpack
 This function is called by:
		_getTemperature
 This function uses a reentrant model


 *************** function _Initial *****************
 Defined at:
		line 1279 in file "lab7.c"
 Parameters:    Size  Location     Type
		None
 Auto vars:     Size  Location     Type
		None
 Return value:  Size  Location     Type
                  1    wreg      void 
 Registers used:
		wreg, status,2
 Tracked objects:
		On entry : 
		On exit  : 
		Unchanged: 
 Data sizes:     COMRAM   BANK0   BANK1   BANK2   BANK3   BANK4   BANK5
      Params:         0       0       0       0       0       0       0
      Locals:         0       0       0       0       0       0       0
      Temps:          0       0       0       0       0       0       0
      Totals:         0       0       0       0       0       0       0
Total ram usage:        0 bytes
 Hardware stack levels used:    1
 Hardware stack levels required when called:   10
 This function calls:
		Nothing
 This function is called by:
		_main
 This function uses a non-reentrant model


 *************** function _keypadOnly *****************
 Defined at:
		line 1053 in file "lab7.c"
 Parameters:    Size  Location     Type
		None
 Auto vars:     Size  Location     Type
		None
 Return value:  Size  Location     Type
                  1  [STACK] void 
 Registers used:
		wreg, status,2
 Tracked objects:
		On entry : 
		On exit  : 
		Unchanged: 
 Data sizes:     COMRAM   BANK0   BANK1   BANK2   BANK3   BANK4   BANK5
      Params:         0       0       0       0       0       0       0
      Locals:         0       0       0       0       0       0       0
      Temps:          0       0       0       0       0       0       0
      Totals:         0       0       0       0       0       0       0
Total ram usage:        0 bytes
 Hardware stack levels used:    1
 Hardware stack levels required when called:   10
 This function calls:
		Nothing
 This function is called by:
		_My_ISR_High
		_My_ISR_Low
		_getSingleInput
		_mainMenu
		_passcodeMenu
		_pirMenu
		_temperatureMenu
		_getTempThreshold
		_getTempPassword
		_getInput
 This function uses a reentrant model


 *************** function _reception *****************
 Defined at:
		line 1146 in file "lab7.c"
 Parameters:    Size  Location     Type
		None
 Auto vars:     Size  Location     Type
  val             1  [STACK] unsigned char 
 Return value:  Size  Location     Type
                  1  [STACK] unsigned char 
 Registers used:
		wreg, fsr1l, fsr1h, btemp
 Tracked objects:
		On entry : 
		On exit  : 
		Unchanged: 
 Data sizes:     COMRAM   BANK0   BANK1   BANK2   BANK3   BANK4   BANK5
      Params:         0       0       0       0       0       0       0
      Locals:         0       0       0       0       0       0       0
      Temps:          0       0       0       0       0       0       0
      Totals:         0       0       0       0       0       0       0
Total ram usage:        0 bytes
 Hardware stack levels used:    1
 Hardware stack levels required when called:   10
 This function calls:
		Nothing
 This function is called by:
		_My_ISR_High
		_My_ISR_Low
		_getSingleInput
		_mainMenu
		_passcodeMenu
		_pirMenu
		_temperatureMenu
		_getTempThreshold
		_getTempPassword
		_getInput
 This function uses a reentrant model


 *************** function _write_EEPROM *****************
 Defined at:
		line 622 in file "lab7.c"
 Parameters:    Size  Location     Type
  add             2  [STACK] int 
  c               1  [STACK] unsigned char 
 Auto vars:     Size  Location     Type
		None
 Return value:  Size  Location     Type
                  1  [STACK] void 
 Registers used:
		wreg, fsr1l, fsr1h, status,2
 Tracked objects:
		On entry : 
		On exit  : 
		Unchanged: 
 Data sizes:     COMRAM   BANK0   BANK1   BANK2   BANK3   BANK4   BANK5
      Params:         0       0       0       0       0       0       0
      Locals:         0       0       0       0       0       0       0
      Temps:          0       0       0       0       0       0       0
      Totals:         0       0       0       0       0       0       0
Total ram usage:        0 bytes
 Hardware stack levels used:    1
 Hardware stack levels required when called:   10
 This function calls:
		Nothing
 This function is called by:
		_My_ISR_High
		_My_ISR_Low
		_mainMenu
		_pirMenu
		_temperatureMenu
		_getTempThreshold
 This function uses a reentrant model


 *************** function _getTempPassword *****************
 Defined at:
		line 1152 in file "lab7.c"
 Parameters:    Size  Location     Type
		None
 Auto vars:     Size  Location     Type
  inputMsg        4  [STACK] unsigned char [4]
  i               2  [STACK] int 
 Return value:  Size  Location     Type
                  2  [STACK] PTR unsigned char 
 Registers used:
		wreg, fsr0l, fsr0h, fsr1l, fsr1h, fsr2l, fsr2h, status,2, status,0, btemp, btemp+1, btemp+2, btemp+10, btemp+11, tblptrl, tblptrh, tblptru
 Tracked objects:
		On entry : 
		On exit  : 
		Unchanged: 
 Data sizes:     COMRAM   BANK0   BANK1   BANK2   BANK3   BANK4   BANK5
      Params:         0       0       0       0       0       0       0
      Locals:         0       0       0       0       0       0       0
      Temps:          0       0       0       0       0       0       0
      Totals:         0       0       0       0       0       0       0
Total ram usage:        0 bytes
 Hardware stack levels used:    1
 Hardware stack levels required when called:   11
 This function calls:
		_delay
		_keypadOnly
		_printChar
		_reception
 This function is called by:
		_resetPIR
		_My_ISR_Low
		_login
		_passcodeMenu
 This function uses a reentrant model


 *************** function _checkPassword *****************
 Defined at:
		line 532 in file "lab7.c"
 Parameters:    Size  Location     Type
		None
 Auto vars:     Size  Location     Type
		None
 Return value:  Size  Location     Type
                  1  [STACK] void 
 Registers used:
		wreg, fsr0l, fsr0h, fsr2l, fsr2h, status,2, status,0, btemp
 Tracked objects:
		On entry : 
		On exit  : 
		Unchanged: 
 Data sizes:     COMRAM   BANK0   BANK1   BANK2   BANK3   BANK4   BANK5
      Params:         0       0       0       0       0       0       0
      Locals:         0       0       0       0       0       0       0
      Temps:          0       0       0       0       0       0       0
      Totals:         0       0       0       0       0       0       0
Total ram usage:        0 bytes
 Hardware stack levels used:    1
 Hardware stack levels required when called:   10
 This function calls:
		Nothing
 This function is called by:
		_resetPIR
		_My_ISR_Low
		_login
		_passcodeMenu
 This function uses a reentrant model


 *************** function _getTempThreshold *****************
 Defined at:
		line 1014 in file "lab7.c"
 Parameters:    Size  Location     Type
		None
 Auto vars:     Size  Location     Type
		None
 Return value:  Size  Location     Type
                  1  [STACK] void 
 Registers used:
		wreg, fsr0l, fsr0h, fsr1l, fsr1h, fsr2l, fsr2h, status,2, status,0, btemp, btemp+1, btemp+2, btemp+10, btemp+11, tblptrl, tblptrh, tblptru, prodl, prodh
 Tracked objects:
		On entry : 
		On exit  : 
		Unchanged: 
 Data sizes:     COMRAM   BANK0   BANK1   BANK2   BANK3   BANK4   BANK5
      Params:         0       0       0       0       0       0       0
      Locals:         0       0       0       0       0       0       0
      Temps:          0       0       0       0       0       0       0
      Totals:         0       0       0       0       0       0       0
Total ram usage:        0 bytes
 Hardware stack levels used:    1
 Hardware stack levels required when called:   12
 This function calls:
		_atoi
		_delay
		_keypadOnly
		_printChar
		_reception
		_write_EEPROM
 This function is called by:
		_My_ISR_Low
		_temperatureMenu
 This function uses a reentrant model


 *************** function _checkStatus *****************
 Defined at:
		line 550 in file "lab7.c"
 Parameters:    Size  Location     Type
		None
 Auto vars:     Size  Location     Type
		None
 Return value:  Size  Location     Type
                  1    wreg      void 
 Registers used:
		wreg, fsr0l, fsr0h, fsr1l, fsr1h, fsr2l, fsr2h, status,2, status,0, pclat, btemp, btemp+1, btemp+2, btemp+3, btemp+4, btemp+5, btemp+6, btemp+7, btemp+8, btemp+9, btemp+10, btemp+11, tosl, structret, tblptrl, tblptrh, tblptru, prodl, prodh, bsr, cstack
 Tracked objects:
		On entry : 
		On exit  : 
		Unchanged: 
 Data sizes:     COMRAM   BANK0   BANK1   BANK2   BANK3   BANK4   BANK5
      Params:         0       0       0       0       0       0       0
      Locals:         0       0       0       0       0       0       0
      Temps:          0       0       0       0       0       0       0
      Totals:         0       0       0       0       0       0       0
Total ram usage:        0 bytes
 Hardware stack levels used:    1
 Hardware stack levels required when called:   12
 This function calls:
		_atoi
		_read_EEPROM
		_settingsPIR
		_tempSetting
 This function is called by:
		_login
 This function uses a non-reentrant model


 *************** function _tempSetting *****************
 Defined at:
		line 176 in file "lab7.c"
 Parameters:    Size  Location     Type
		None
 Auto vars:     Size  Location     Type
		None
 Return value:  Size  Location     Type
                  1    wreg      void 
 Registers used:
		None
 Tracked objects:
		On entry : 
		On exit  : 
		Unchanged: 
 Data sizes:     COMRAM   BANK0   BANK1   BANK2   BANK3   BANK4   BANK5
      Params:         0       0       0       0       0       0       0
      Locals:         0       0       0       0       0       0       0
      Temps:          0       0       0       0       0       0       0
      Totals:         0       0       0       0       0       0       0
Total ram usage:        0 bytes
 Hardware stack levels used:    1
 Hardware stack levels required when called:   10
 This function calls:
		Nothing
 This function is called by:
		_main
		_checkStatus
 This function uses a non-reentrant model


 *************** function _atoi *****************
 Defined at:
		line 5 in file "/Applications/microchip/xc8/v1.38/sources/common/atoi.c"
 Parameters:    Size  Location     Type
  s               2  [STACK] PTR const unsigned char 
		 -> tempThreshold(3), 
 Auto vars:     Size  Location     Type
  a               2  [STACK] int 
  sign            1  [STACK] unsigned char 
 Return value:  Size  Location     Type
                  2  [STACK] int 
 Registers used:
		wreg, fsr1l, fsr1h, fsr2l, fsr2h, status,2, status,0, btemp, btemp+1, btemp+10, btemp+11, prodl, prodh
 Tracked objects:
		On entry : 
		On exit  : 
		Unchanged: 
 Data sizes:     COMRAM   BANK0   BANK1   BANK2   BANK3   BANK4   BANK5
      Params:         0       0       0       0       0       0       0
      Locals:         0       0       0       0       0       0       0
      Temps:          0       0       0       0       0       0       0
      Totals:         0       0       0       0       0       0       0
Total ram usage:        0 bytes
 Hardware stack levels used:    1
 Hardware stack levels required when called:   11
 This function calls:
		___wmul
		_isdigit
 This function is called by:
		_checkStatus
		_getTempThreshold
 This function uses a reentrant model


 *************** function _isdigit *****************
 Defined at:
		line 8 in file "/Applications/microchip/xc8/v1.38/sources/common/isdigit.c"
 Parameters:    Size  Location     Type
  c               1  [STACK] unsigned char 
 Auto vars:     Size  Location     Type
		None
 Return value:  Size  Location     Type
		None               void
 Registers used:
		wreg, fsr1l, fsr1h, status,2, status,0, btemp, btemp+11
 Tracked objects:
		On entry : 
		On exit  : 
		Unchanged: 
 Data sizes:     COMRAM   BANK0   BANK1   BANK2   BANK3   BANK4   BANK5
      Params:         0       0       0       0       0       0       0
      Locals:         0       0       0       0       0       0       0
      Temps:          0       0       0       0       0       0       0
      Totals:         0       0       0       0       0       0       0
Total ram usage:        0 bytes
 Hardware stack levels used:    1
 Hardware stack levels required when called:   10
 This function calls:
		Nothing
 This function is called by:
		_sprintf
		_atoi
 This function uses a reentrant model


 *************** function _passcodeMenu *****************
 Defined at:
		line 755 in file "lab7.c"
 Parameters:    Size  Location     Type
		None
 Auto vars:     Size  Location     Type
		None
 Return value:  Size  Location     Type
                  1    wreg      void 
 Registers used:
		wreg, fsr0l, fsr0h, fsr1l, fsr1h, fsr2l, fsr2h, status,2, status,0, pclat, btemp, btemp+1, btemp+2, btemp+3, btemp+4, btemp+5, btemp+6, btemp+7, btemp+8, btemp+9, btemp+10, btemp+11, tosl, structret, tblptrl, tblptrh, tblptru, prodl, prodh, bsr, cstack
 Tracked objects:
		On entry : 
		On exit  : 
		Unchanged: 
 Data sizes:     COMRAM   BANK0   BANK1   BANK2   BANK3   BANK4   BANK5
      Params:         0       0       0       0       0       0       0
      Locals:         0       0       0       0       0       0       0
      Temps:          0       0       0       0       0       0       0
      Totals:         0       0       0       0       0       0       0
Total ram usage:        0 bytes
 Hardware stack levels used:    1
 Hardware stack levels required when called:   16
 This function calls:
		_checkPassword
		_delay
		_getInput
		_getTempPassword
		_keypadOnly
		_mainMenu
		_printChar
		_reception
		_resetScreen
 This function is called by:
		_mainMenu
 This function uses a non-reentrant model


 *************** function _getInput *****************
 Defined at:
		line 1183 in file "lab7.c"
 Parameters:    Size  Location     Type
		None
 Auto vars:     Size  Location     Type
  i               2   24[COMRAM] int 
 Return value:  Size  Location     Type
                  2   22[COMRAM] PTR unsigned char 
 Registers used:
		wreg, fsr0l, fsr0h, fsr1l, fsr1h, fsr2l, fsr2h, status,2, status,0, btemp, tblptrl, tblptrh, tblptru
 Tracked objects:
		On entry : 
		On exit  : 
		Unchanged: 
 Data sizes:     COMRAM   BANK0   BANK1   BANK2   BANK3   BANK4   BANK5
      Params:         2       0       0       0       0       0       0
      Locals:         2       0       0       0       0       0       0
      Temps:          0       0       0       0       0       0       0
      Totals:         4       0       0       0       0       0       0
Total ram usage:        4 bytes
 Hardware stack levels used:    1
 Hardware stack levels required when called:   11
 This function calls:
		_delay
		_keypadOnly
		_printChar
		_reception
 This function is called by:
		_passcodeMenu
		_setPassword
 This function uses a non-reentrant model


 *************** function _pirMenu *****************
 Defined at:
		line 858 in file "lab7.c"
 Parameters:    Size  Location     Type
		None
 Auto vars:     Size  Location     Type
		None
 Return value:  Size  Location     Type
                  1    wreg      void 
 Registers used:
		wreg, fsr0l, fsr0h, fsr1l, fsr1h, fsr2l, fsr2h, status,2, status,0, pclat, btemp, btemp+1, btemp+2, btemp+3, btemp+4, btemp+5, btemp+6, btemp+7, btemp+8, btemp+9, btemp+10, btemp+11, tosl, structret, tblptrl, tblptrh, tblptru, prodl, prodh, bsr, cstack
 Tracked objects:
		On entry : 
		On exit  : 
		Unchanged: 
 Data sizes:     COMRAM   BANK0   BANK1   BANK2   BANK3   BANK4   BANK5
      Params:         0       0       0       0       0       0       0
      Locals:         0       0       0       0       0       0       0
      Temps:          0       0       0       0       0       0       0
      Totals:         0       0       0       0       0       0       0
Total ram usage:        0 bytes
 Hardware stack levels used:    1
 Hardware stack levels required when called:   16
 This function calls:
		_delay
		_keypadOnly
		_mainMenu
		_printChar
		_reception
		_resetScreen
		_settingsPIR
		_write_EEPROM
 This function is called by:
		_mainMenu
 This function uses a non-reentrant model


 *************** function _settingsPIR *****************
 Defined at:
		line 211 in file "lab7.c"
 Parameters:    Size  Location     Type
		None
 Auto vars:     Size  Location     Type
		None
 Return value:  Size  Location     Type
                  1  [STACK] void 
 Registers used:
		None
 Tracked objects:
		On entry : 
		On exit  : 
		Unchanged: 
 Data sizes:     COMRAM   BANK0   BANK1   BANK2   BANK3   BANK4   BANK5
      Params:         0       0       0       0       0       0       0
      Locals:         0       0       0       0       0       0       0
      Temps:          0       0       0       0       0       0       0
      Totals:         0       0       0       0       0       0       0
Total ram usage:        0 bytes
 Hardware stack levels used:    1
 Hardware stack levels required when called:   10
 This function calls:
		Nothing
 This function is called by:
		_main
		_My_ISR_High
		_checkStatus
		_pirMenu
 This function uses a reentrant model


 *************** function _temperatureMenu *****************
 Defined at:
		line 931 in file "lab7.c"
 Parameters:    Size  Location     Type
		None
 Auto vars:     Size  Location     Type
		None
 Return value:  Size  Location     Type
                  1    wreg      void 
 Registers used:
		wreg, fsr0l, fsr0h, fsr1l, fsr1h, fsr2l, fsr2h, status,2, status,0, pclat, btemp, btemp+1, btemp+2, btemp+3, btemp+4, btemp+5, btemp+6, btemp+7, btemp+8, btemp+9, btemp+10, btemp+11, tosl, structret, tblptrl, tblptrh, tblptru, prodl, prodh, bsr, cstack
 Tracked objects:
		On entry : 
		On exit  : 
		Unchanged: 
 Data sizes:     COMRAM   BANK0   BANK1   BANK2   BANK3   BANK4   BANK5
      Params:         0       0       0       0       0       0       0
      Locals:         0       0       0       0       0       0       0
      Temps:          0       0       0       0       0       0       0
      Totals:         0       0       0       0       0       0       0
Total ram usage:        0 bytes
 Hardware stack levels used:    1
 Hardware stack levels required when called:   16
 This function calls:
		_delay
		_getTempThreshold
		_keypadOnly
		_mainMenu
		_printChar
		_reception
		_resetScreen
		_write_EEPROM
 This function is called by:
		_mainMenu
 This function uses a non-reentrant model


 *************** function _fround *****************
 Defined at:
		line 409 in file "/Applications/microchip/xc8/v1.38/sources/common/doprnt.c"
 Parameters:    Size  Location     Type
  prec            1  [STACK] unsigned char 
 Auto vars:     Size  Location     Type
		None
 Return value:  Size  Location     Type
                  3  [STACK] unsigned char 
 Registers used:
		wreg, fsr1l, fsr1h, fsr2l, fsr2h, status,2, status,0, btemp, btemp+1, btemp+2, btemp+6, btemp+7, btemp+8, btemp+9, btemp+10, btemp+11, tblptrl, tblptrh, tblptru, prodl, prodh
 Tracked objects:
		On entry : 
		On exit  : 
		Unchanged: 
 Data sizes:     COMRAM   BANK0   BANK1   BANK2   BANK3   BANK4   BANK5
      Params:         0       0       0       0       0       0       0
      Locals:         0       0       0       0       0       0       0
      Temps:          0       0       0       0       0       0       0
      Totals:         0       0       0       0       0       0       0
Total ram usage:        0 bytes
 Hardware stack levels used:    1
 Hardware stack levels required when called:   12
 This function calls:
		___ftmul
		___lbdiv
		___lbmod
 This function is called by:
		_sprintf
 This function uses a reentrant model


 *************** function ___lbmod *****************
 Defined at:
		line 4 in file "/Applications/microchip/xc8/v1.38/sources/common/lbmod.c"
 Parameters:    Size  Location     Type
  dividend        1  [STACK] unsigned char 
  divisor         1  [STACK] unsigned char 
 Auto vars:     Size  Location     Type
  rem             1  [STACK] unsigned char 
  counter         1  [STACK] unsigned char 
 Return value:  Size  Location     Type
                  1  [STACK] unsigned char 
 Registers used:
		wreg, fsr1l, fsr1h, fsr2l, fsr2h, status,2, status,0, btemp, btemp+10, btemp+11
 Tracked objects:
		On entry : 
		On exit  : 
		Unchanged: 
 Data sizes:     COMRAM   BANK0   BANK1   BANK2   BANK3   BANK4   BANK5
      Params:         0       0       0       0       0       0       0
      Locals:         0       0       0       0       0       0       0
      Temps:          0       0       0       0       0       0       0
      Totals:         0       0       0       0       0       0       0
Total ram usage:        0 bytes
 Hardware stack levels used:    1
 Hardware stack levels required when called:   10
 This function calls:
		Nothing
 This function is called by:
		_fround
 This function uses a reentrant model


 *************** function ___lbdiv *****************
 Defined at:
		line 4 in file "/Applications/microchip/xc8/v1.38/sources/common/lbdiv.c"
 Parameters:    Size  Location     Type
  dividend        1  [STACK] unsigned char 
  divisor         1  [STACK] unsigned char 
 Auto vars:     Size  Location     Type
  quotient        1  [STACK] unsigned char 
  counter         1  [STACK] unsigned char 
 Return value:  Size  Location     Type
                  1  [STACK] unsigned char 
 Registers used:
		wreg, fsr1l, fsr1h, fsr2l, fsr2h, status,2, status,0, btemp, btemp+11
 Tracked objects:
		On entry : 
		On exit  : 
		Unchanged: 
 Data sizes:     COMRAM   BANK0   BANK1   BANK2   BANK3   BANK4   BANK5
      Params:         0       0       0       0       0       0       0
      Locals:         0       0       0       0       0       0       0
      Temps:          0       0       0       0       0       0       0
      Totals:         0       0       0       0       0       0       0
Total ram usage:        0 bytes
 Hardware stack levels used:    1
 Hardware stack levels required when called:   10
 This function calls:
		Nothing
 This function is called by:
		_fround
 This function uses a reentrant model


 *************** function _scale *****************
 Defined at:
		line 425 in file "/Applications/microchip/xc8/v1.38/sources/common/doprnt.c"
 Parameters:    Size  Location     Type
  scl             1  [STACK] char 
 Auto vars:     Size  Location     Type
		None
 Return value:  Size  Location     Type
                  3  [STACK] char 
 Registers used:
		wreg, fsr1l, fsr1h, fsr2l, fsr2h, status,2, status,0, btemp, btemp+1, btemp+2, btemp+6, btemp+7, btemp+8, btemp+9, btemp+10, btemp+11, tblptrl, tblptrh, tblptru, prodl, prodh
 Tracked objects:
		On entry : 
		On exit  : 
		Unchanged: 
 Data sizes:     COMRAM   BANK0   BANK1   BANK2   BANK3   BANK4   BANK5
      Params:         0       0       0       0       0       0       0
      Locals:         0       0       0       0       0       0       0
      Temps:          0       0       0       0       0       0       0
      Totals:         0       0       0       0       0       0       0
Total ram usage:        0 bytes
 Hardware stack levels used:    1
 Hardware stack levels required when called:   12
 This function calls:
		___awdiv
		___awmod
		___ftmul
		___wmul
 This function is called by:
		_sprintf
 This function uses a reentrant model


 *************** function ___wmul *****************
 Defined at:
		line 15 in file "/Applications/microchip/xc8/v1.38/sources/common/Umul16.c"
 Parameters:    Size  Location     Type
  multiplier      2  [STACK] unsigned int 
  multiplicand    2  [STACK] unsigned int 
 Auto vars:     Size  Location     Type
  product         2  [STACK] unsigned int 
 Return value:  Size  Location     Type
                  2  [STACK] unsigned int 
 Registers used:
		wreg, fsr1l, fsr1h, fsr2l, fsr2h, status,2, status,0, btemp, btemp+1, btemp+11, prodl, prodh
 Tracked objects:
		On entry : 
		On exit  : 
		Unchanged: 
 Data sizes:     COMRAM   BANK0   BANK1   BANK2   BANK3   BANK4   BANK5
      Params:         0       0       0       0       0       0       0
      Locals:         0       0       0       0       0       0       0
      Temps:          0       0       0       0       0       0       0
      Totals:         0       0       0       0       0       0       0
Total ram usage:        0 bytes
 Hardware stack levels used:    1
 Hardware stack levels required when called:   10
 This function calls:
		Nothing
 This function is called by:
		_scale
		_sprintf
		_atoi
 This function uses a reentrant model


 *************** function ___awmod *****************
 Defined at:
		line 8 in file "/Applications/microchip/xc8/v1.38/sources/common/awmod.c"
 Parameters:    Size  Location     Type
  dividend        2  [STACK] int 
  divisor         2  [STACK] int 
 Auto vars:     Size  Location     Type
  sign            1  [STACK] unsigned char 
  counter         1  [STACK] unsigned char 
 Return value:  Size  Location     Type
                  2  [STACK] int 
 Registers used:
		wreg, fsr1l, fsr1h, status,2, status,0, btemp, btemp+1, btemp+2, btemp+10, btemp+11, prodl
 Tracked objects:
		On entry : 
		On exit  : 
		Unchanged: 
 Data sizes:     COMRAM   BANK0   BANK1   BANK2   BANK3   BANK4   BANK5
      Params:         0       0       0       0       0       0       0
      Locals:         0       0       0       0       0       0       0
      Temps:          0       0       0       0       0       0       0
      Totals:         0       0       0       0       0       0       0
Total ram usage:        0 bytes
 Hardware stack levels used:    1
 Hardware stack levels required when called:   10
 This function calls:
		Nothing
 This function is called by:
		_scale
 This function uses a reentrant model


 *************** function __tdiv_to_l_ *****************
 Defined at:
		line 60 in file "/Applications/microchip/xc8/v1.38/sources/common/ftdivl.c"
 Parameters:    Size  Location     Type
  f1              3  [STACK] float 
  f2              3  [STACK] float 
 Auto vars:     Size  Location     Type
  quot            4  [STACK] unsigned long 
  exp1            1  [STACK] unsigned char 
  cntr            1  [STACK] unsigned char 
 Return value:  Size  Location     Type
[...]
  flag            2  [STACK] unsigned short 
  ap              2  [STACK] PTR void [1]
		 -> ?_sprintf(2), 
  len             2    0        unsigned int 
  c               1  [STACK] char 
  d               1    0        unsigned char 
 Return value:  Size  Location     Type
                  2  [STACK] int 
 Registers used:
		wreg, fsr1l, fsr1h, fsr2l, fsr2h, status,2, status,0, btemp, btemp+1, btemp+2, btemp+3, btemp+4, btemp+5, btemp+6, btemp+7, btemp+8, btemp+9, btemp+10, btemp+11, tblptrl, tblptrh, tblptru, prodl, prodh
 Tracked objects:
		On entry : 
		On exit  : 
		Unchanged: 
 Data sizes:     COMRAM   BANK0   BANK1   BANK2   BANK3   BANK4   BANK5
      Params:         0       0       0       0       0       0       0
      Locals:         0       0       0       0       0       0       0
      Temps:          0       0       0       0       0       0       0
      Totals:         0       0       0       0       0       0       0
Total ram usage:        0 bytes
 Hardware stack levels used:    1
 Hardware stack levels required when called:   13
 This function calls:
		___awdiv
		___ftadd
		___ftge
		___ftmul
		___ftneg
		___ftsub
		___fttol
		___lldiv
		___llmod
		___lltoft
		___wmul
		__div_to_l_
		__tdiv_to_l_
		_fround
		_isdigit
		_scale
 This function is called by:
		_componentStatus
		_getTemperature
 This function uses a reentrant model


 *************** function ___ftmul *****************
 Defined at:
		line 62 in file "/Applications/microchip/xc8/v1.38/sources/common/ftmul.c"
 Parameters:    Size  Location     Type
  f1              3  [STACK] float 
  f2              3  [STACK] float 
 Auto vars:     Size  Location     Type
  f3_as_produc    3  [STACK] unsigned um
  sign            1  [STACK] unsigned char 
  cntr            1  [STACK] unsigned char 
  exp             1  [STACK] unsigned char 
 Return value:  Size  Location     Type
                  3  [STACK] float 
 Registers used:
		wreg, fsr1l, fsr1h, fsr2l, fsr2h, status,2, status,0, btemp, btemp+1, btemp+2, btemp+6, btemp+7, btemp+8, btemp+9, btemp+10, btemp+11
 Tracked objects:
		On entry : 
		On exit  : 
		Unchanged: 
 Data sizes:     COMRAM   BANK0   BANK1   BANK2   BANK3   BANK4   BANK5
      Params:         0       0       0       0       0       0       0
      Locals:         0       0       0       0       0       0       0
      Temps:          0       0       0       0       0       0       0
      Totals:         0       0       0       0       0       0       0
Total ram usage:        0 bytes
 Hardware stack levels used:    1
 Hardware stack levels required when called:   11
 This function calls:
		___ftpack
 This function is called by:
		_getTemperature
		_fround
		_scale
		_sprintf
 This function uses a reentrant model


 *************** function ___ftpack *****************
 Defined at:
		line 62 in file "/Applications/microchip/xc8/v1.38/sources/common/float.c"
 Parameters:    Size  Location     Type
  arg             3  [STACK] unsigned um
  exp             1  [STACK] unsigned char 
  sign            1  [STACK] unsigned char 
 Auto vars:     Size  Location     Type
		None
 Return value:  Size  Location     Type
                  3  [STACK] float 
 Registers used:
		wreg, fsr1l, fsr1h, fsr2l, fsr2h, status,2, status,0, btemp, btemp+1, btemp+2, btemp+9, btemp+10, btemp+11
 Tracked objects:
		On entry : 
		On exit  : 
		Unchanged: 
 Data sizes:     COMRAM   BANK0   BANK1   BANK2   BANK3   BANK4   BANK5
      Params:         0       0       0       0       0       0       0
      Locals:         0       0       0       0       0       0       0
      Temps:          0       0       0       0       0       0       0
      Totals:         0       0       0       0       0       0       0
Total ram usage:        0 bytes
 Hardware stack levels used:    1
 Hardware stack levels required when called:   10
 This function calls:
		Nothing
 This function is called by:
		___awtoft
		___ftadd
		___ftdiv
		___ftmul
		___lltoft
		___lwtoft
 This function uses a reentrant model


 *************** function ___ftadd *****************
 Defined at:
		line 86 in file "/Applications/microchip/xc8/v1.38/sources/common/ftadd.c"
 Parameters:    Size  Location     Type
  f1              3  [STACK] float 
  f2              3  [STACK] float 
 Auto vars:     Size  Location     Type
  exp1            1  [STACK] unsigned char 
  exp2            1  [STACK] unsigned char 
  sign            1  [STACK] unsigned char 
 Return value:  Size  Location     Type
                  3  [STACK] float 
 Registers used:
		wreg, fsr1l, fsr1h, fsr2l, fsr2h, status,2, status,0, btemp, btemp+1, btemp+2, btemp+6, btemp+7, btemp+8, btemp+9, btemp+10, btemp+11
 Tracked objects:
		On entry : 
		On exit  : 
		Unchanged: 
 Data sizes:     COMRAM   BANK0   BANK1   BANK2   BANK3   BANK4   BANK5
      Params:         0       0       0       0       0       0       0
      Locals:         0       0       0       0       0       0       0
      Temps:          0       0       0       0       0       0       0
      Totals:         0       0       0       0       0       0       0
Total ram usage:        0 bytes
 Hardware stack levels used:    1
 Hardware stack levels required when called:   11
 This function calls:
		___ftpack
 This function is called by:
		_getTemperature
		_sprintf
		___ftsub
 This function uses a reentrant model


 *************** function _mainMenu *****************
 Defined at:
		line 659 in file "lab7.c"
 Parameters:    Size  Location     Type
		None
 Auto vars:     Size  Location     Type
		None
 Return value:  Size  Location     Type
                  1  [STACK] void 
 Registers used:
		wreg, fsr0l, fsr0h, fsr1l, fsr1h, fsr2l, fsr2h, status,2, status,0, pclat, btemp, btemp+1, btemp+2, btemp+3, btemp+4, btemp+5, btemp+6, btemp+7, btemp+8, btemp+9, btemp+10, btemp+11, tosl, structret, tblptrl, tblptrh, tblptru, prodl, prodh, bsr, cstack
 Tracked objects:
		On entry : 
		On exit  : 
		Unchanged: 
 Data sizes:     COMRAM   BANK0   BANK1   BANK2   BANK3   BANK4   BANK5
      Params:         0       0       0       0       0       0       0
      Locals:         0       0       0       0       0       0       0
      Temps:          0       0       0       0       0       0       0
      Totals:         0       0       0       0       0       0       0
Total ram usage:        0 bytes
 Hardware stack levels used:    1
 Hardware stack levels required when called:   17
 This function calls:
		_delay
		_keypadOnly
		_mainMenu
		_passcodeMenu
		_pirMenu
		_printChar
		_reception
		_resetScreen
		_temperatureMenu
		_write_EEPROM
 This function is called by:
		_login
		_passcodeMenu
		_setPassword
		_pirMenu
		_temperatureMenu
 This function uses a recursive model


 *************** function _delay *****************
 Defined at:
		line 1360 in file "lab7.c"
 Parameters:    Size  Location     Type
		None
 Auto vars:     Size  Location     Type
		None
 Return value:  Size  Location     Type
                  1  [STACK] void 
 Registers used:
		wreg, status,2, status,0, btemp
 Tracked objects:
		On entry : 
		On exit  : 
		Unchanged: 
 Data sizes:     COMRAM   BANK0   BANK1   BANK2   BANK3   BANK4   BANK5
      Params:         0       0       0       0       0       0       0
      Locals:         0       0       0       0       0       0       0
      Temps:          0       0       0       0       0       0       0
      Totals:         0       0       0       0       0       0       0
Total ram usage:        0 bytes
 Hardware stack levels used:    1
 Hardware stack levels required when called:   10
 This function calls:
		Nothing
 This function is called by:
		_My_ISR_High
		_resetPIR
		_My_ISR_Low
		_getSingleInput
		_login
		_mainMenu
		_passcodeMenu
		_setPassword
		_pirMenu
		_temperatureMenu
		_getTempThreshold
		_getTempPassword
		_getInput
 This function uses a reentrant model


 *************** function _My_ISR_Low *****************
 Defined at:
		line 335 in file "lab7.c"
 Parameters:    Size  Location     Type
		None
 Auto vars:     Size  Location     Type
		None
 Return value:  Size  Location     Type
                  1    wreg      void 
 Registers used:
		wreg, fsr0l, fsr0h, fsr1l, fsr1h, fsr2l, fsr2h, status,2, status,0, btemp, btemp+1, btemp+2, btemp+3, btemp+4, btemp+5, btemp+6, btemp+7, btemp+8, btemp+9, btemp+10, btemp+11, tblptrl, tblptrh, tblptru, prodl, prodh, cstack
 Tracked objects:
		On entry : 
		On exit  : 
		Unchanged: 
 Data sizes:     COMRAM   BANK0   BANK1   BANK2   BANK3   BANK4   BANK5
      Params:         0       0       0       0       0       0       0
      Locals:         0       0       0       0       0       0       0
      Temps:          0      24       0       0       0       0       0
      Totals:         0      24       0       0       0       0       0
Total ram usage:       24 bytes
 Hardware stack levels used:    1
 Hardware stack levels required when called:    9
 This function calls:
		___awtoft
		___ftge
		_checkPassword
		_delay
		_getSingleInput
		_getTempPassword
		_getTempThreshold
		_getTemperature
		_keypadOnly
		_mainScreen
		_printChar
		_reception
		_write_EEPROM
 This function is called by:
		Interrupt level 1
 This function uses a non-reentrant model


 *************** function _getSingleInput *****************
 Defined at:
		line 482 in file "lab7.c"
 Parameters:    Size  Location     Type
		None
 Auto vars:     Size  Location     Type
		None
 Return value:  Size  Location     Type
                  1    wreg      void 
 Registers used:
		wreg, fsr1l, fsr1h, status,2, status,0, btemp
 Tracked objects:
		On entry : 
		On exit  : 
		Unchanged: 
 Data sizes:     COMRAM   BANK0   BANK1   BANK2   BANK3   BANK4   BANK5
      Params:         0       0       0       0       0       0       0
      Locals:         0       0       0       0       0       0       0
      Temps:          0       0       0       0       0       0       0
      Totals:         0       0       0       0       0       0       0
Total ram usage:        0 bytes
 Hardware stack levels used:    1
 Hardware stack levels required when called:    5
 This function calls:
		_delay
		_keypadOnly
		_reception
 This function is called by:
		_My_ISR_Low
 This function uses a non-reentrant model


 *************** function ___awtoft *****************
 Defined at:
		line 32 in file "/Applications/microchip/xc8/v1.38/sources/common/awtoft.c"
 Parameters:    Size  Location     Type
  c               2   15[COMRAM] int 
 Auto vars:     Size  Location     Type
  sign            1   21[COMRAM] unsigned char 
 Return value:  Size  Location     Type
                  3   15[COMRAM] float 
 Registers used:
		wreg, fsr1l, fsr1h, fsr2l, fsr2h, status,2, status,0, btemp, btemp+1, btemp+2, btemp+9, btemp+10, btemp+11
 Tracked objects:
		On entry : 
		On exit  : 
		Unchanged: 
 Data sizes:     COMRAM   BANK0   BANK1   BANK2   BANK3   BANK4   BANK5
      Params:         3       0       0       0       0       0       0
      Locals:         1       0       0       0       0       0       0
      Temps:          3       0       0       0       0       0       0
      Totals:         7       0       0       0       0       0       0
Total ram usage:        7 bytes
 Hardware stack levels used:    1
 Hardware stack levels required when called:    5
 This function calls:
		___ftpack
 This function is called by:
		_My_ISR_Low
 This function uses a non-reentrant model


 *************** function _My_ISR_High *****************
 Defined at:
		line 231 in file "lab7.c"
 Parameters:    Size  Location     Type
		None
 Auto vars:     Size  Location     Type
  check           2   13[COMRAM] int 
 Return value:  Size  Location     Type
                  1    wreg      void 
 Registers used:
		wreg, fsr0l, fsr0h, fsr1l, fsr1h, fsr2l, fsr2h, status,2, status,0, btemp, btemp+1, btemp+2, btemp+10, btemp+11, tblptrl, tblptrh, tblptru, cstack
 Tracked objects:
		On entry : 
		On exit  : 
		Unchanged: 
 Data sizes:     COMRAM   BANK0   BANK1   BANK2   BANK3   BANK4   BANK5
      Params:         0       0       0       0       0       0       0
      Locals:         2       0       0       0       0       0       0
      Temps:         13       0       0       0       0       0       0
      Totals:        15       0       0       0       0       0       0
Total ram usage:       15 bytes
 Hardware stack levels used:    1
 Hardware stack levels required when called:    3
 This function calls:
		_delay
		_keypadOnly
		_printChar
		_reception
		_resetPIR
		_settingsPIR
		_write_EEPROM
 This function is called by:
		Interrupt level 2
 This function uses a non-reentrant model


 *************** function _resetPIR *****************
 Defined at:
		line 317 in file "lab7.c"
 Parameters:    Size  Location     Type
		None
 Auto vars:     Size  Location     Type
		None
 Return value:  Size  Location     Type
                  1    wreg      void 
 Registers used:
		wreg, fsr0l, fsr0h, fsr1l, fsr1h, fsr2l, fsr2h, status,2, status,0, btemp, btemp+1, btemp+2, btemp+10, btemp+11, tblptrl, tblptrh, tblptru
 Tracked objects:
		On entry : 
		On exit  : 
		Unchanged: 
 Data sizes:     COMRAM   BANK0   BANK1   BANK2   BANK3   BANK4   BANK5
      Params:         0       0       0       0       0       0       0
      Locals:         0       0       0       0       0       0       0
      Temps:          0       0       0       0       0       0       0
      Totals:         0       0       0       0       0       0       0
Total ram usage:        0 bytes
 Hardware stack levels used:    1
 Hardware stack levels required when called:    2
 This function calls:
		_checkPassword
		_delay
		_getTempPassword
		_mainScreen
		_printChar
		_read_EEPROM
 This function is called by:
		_My_ISR_High
 This function uses a non-reentrant model



MODULE INFORMATION

Module		Function		Class		Link	Load	Size
/Applications/microchip/xc8/v1.38/sources/common/ftmul.c
		___ftmul       		CODE           	1D6C	0000	539

/Applications/microchip/xc8/v1.38/sources/common/ftmul.c estimated size: 539

/Applications/microchip/xc8/v1.38/sources/common/ftdiv.c
		___ftdiv       		CODE           	26F6	0000	449

/Applications/microchip/xc8/v1.38/sources/common/ftdiv.c estimated size: 449

/Applications/microchip/xc8/v1.38/sources/common/ftge.c
		___ftge        		CODE           	3E20	0000	173

/Applications/microchip/xc8/v1.38/sources/common/ftge.c estimated size: 173

/Applications/microchip/xc8/v1.38/sources/common/awdiv.c
		___awdiv       		CODE           	3850	0000	307

/Applications/microchip/xc8/v1.38/sources/common/awdiv.c estimated size: 307

/Applications/microchip/xc8/v1.38/sources/common/lbmod.c
		___lbmod       		CODE           	4002	0000	143

/Applications/microchip/xc8/v1.38/sources/common/lbmod.c estimated size: 143

/Applications/microchip/xc8/v1.38/sources/common/lldiv.c
		___lldiv       		CODE           	3A9A	0000	259

/Applications/microchip/xc8/v1.38/sources/common/lldiv.c estimated size: 259

/Applications/microchip/xc8/v1.38/sources/common/ftdivl.c
		__tdiv_to_l_   		CODE           	2180	0000	483

/Applications/microchip/xc8/v1.38/sources/common/ftdivl.c estimated size: 483

/Applications/microchip/xc8/v1.38/sources/common/isdigit.c
		_isdigit       		CODE           	44FC	0000	57

/Applications/microchip/xc8/v1.38/sources/common/isdigit.c estimated size: 57

/Applications/microchip/xc8/v1.38/sources/common/Umul16.c
		___wmul        		CODE           	3F6C	0000	151

/Applications/microchip/xc8/v1.38/sources/common/Umul16.c estimated size: 151

/Applications/microchip/xc8/v1.38/sources/common/fttol.c
		___fttol       		CODE           	309E	0000	375

/Applications/microchip/xc8/v1.38/sources/common/fttol.c estimated size: 375

/Applications/microchip/xc8/v1.38/sources/common/atoi.c
		_atoi          		CODE           	34A6	0000	319

/Applications/microchip/xc8/v1.38/sources/common/atoi.c estimated size: 319

/Applications/microchip/xc8/v1.38/sources/common/ftadd.c
		___ftadd       		CODE           	1800	0000	781

/Applications/microchip/xc8/v1.38/sources/common/ftadd.c estimated size: 781

/Applications/microchip/xc8/v1.38/sources/common/lbdiv.c
		___lbdiv       		CODE           	3D72	0000	175

/Applications/microchip/xc8/v1.38/sources/common/lbdiv.c estimated size: 175

lab7.c
		_checkStatus   		CODE           	2C08	0000	407
		_checkPassword 		CODE           	4308	0000	111
		_getTempPassword		CODE           	371C	0000	309
		_mainScreen    		CODE           	4090	0000	141
		_delay         		CODE           	45D0	0000	43
		_settingsPIR   		CODE           	46AC	0000	21
		_settingsCom   		CODE           	4640	0000	23
		_printChar     		CODE           	4216	0000	123
		_passcodeMenu  		CODE           	252E	0000	457
		_main          		CODE           	411C	0000	129
		_settingsTimer 		CODE           	4698	0000	21
		_Initial       		CODE           	4622	0000	31
		_getSingleInput		CODE           	442E	0000	73
		_getInput      		CODE           	3362	0000	325
		_getTempThreshold		CODE           	3214	0000	335
		_tempSetting   		CODE           	46D2	0000	17
		_keypadOnly    		CODE           	3ECC	0000	161
		_temperatureMenu		CODE           	2D9E	0000	389
		_My_ISR_Low    		CODE           	0018	0000	879
		_My_ISR_High   		CODE           	0008	0000	523
		_setPassword   		CODE           	419C	0000	123
		_resetScreen   		CODE           	4682	0000	23
		_pirMenu       		CODE           	2F22	0000	381
		_getTemperature		CODE           	2A6E	0000	411
		_resetPIR      		CODE           	4290	0000	121
		_read_EEPROM   		CODE           	466C	0000	23
		_reception     		CODE           	4656	0000	23
		_write_EEPROM  		CODE           	45FA	0000	41
		_componentStatus		CODE           	35E4	0000	313
		_mainMenu      		CODE           	2362	0000	461
		_login         		CODE           	43DC	0000	83

lab7.c estimated size: 6521

/Applications/microchip/xc8/v1.38/sources/common/fldivl.c
		__div_to_l_    		CODE           	1B0C	0000	609

/Applications/microchip/xc8/v1.38/sources/common/fldivl.c estimated size: 609

shared
		__powers_      		MEDIUMCONST    	7362	0000	40
		_dpowers       		MEDIUMCONST    	7313	0000	41
		__npowers_     		MEDIUMCONST    	733B	0000	40
		__initialization		CODE           	4534	0000	45

shared estimated size: 166

/Applications/microchip/xc8/v1.38/sources/common/ftneg.c
		___ftneg       		CODE           	459E	0000	51

/Applications/microchip/xc8/v1.38/sources/common/ftneg.c estimated size: 51

/Applications/microchip/xc8/v1.38/sources/common/ftsub.c
		___ftsub       		CODE           	44BA	0000	67

/Applications/microchip/xc8/v1.38/sources/common/ftsub.c estimated size: 67

/Applications/microchip/xc8/v1.38/sources/common/float.c
		___ftpack      		CODE           	3982	0000	281

/Applications/microchip/xc8/v1.38/sources/common/float.c estimated size: 281

/Applications/microchip/xc8/v1.38/sources/common/awtoft.c
		___awtoft      		CODE           	4476	0000	69

/Applications/microchip/xc8/v1.38/sources/common/awtoft.c estimated size: 69

/Applications/microchip/xc8/v1.38/sources/common/awmod.c
		___awmod       		CODE           	3B9C	0000	257

/Applications/microchip/xc8/v1.38/sources/common/awmod.c estimated size: 257

/Applications/microchip/xc8/v1.38/sources/common/llmod.c
		___llmod       		CODE           	3C9C	0000	215

/Applications/microchip/xc8/v1.38/sources/common/llmod.c estimated size: 215

/Applications/microchip/xc8/v1.38/sources/common/doprnt.c
		_scale         		CODE           	13C0	0000	1089
		_sprintf       		CODE           	038E	0000	4147
		_fround        		CODE           	28B6	0000	441

/Applications/microchip/xc8/v1.38/sources/common/doprnt.c estimated size: 5677

/Applications/microchip/xc8/v1.38/sources/common/lwtoft.c
		___lwtoft      		CODE           	456A	0000	53

/Applications/microchip/xc8/v1.38/sources/common/lwtoft.c estimated size: 53

/Applications/microchip/xc8/v1.38/sources/common/lltoft.c
		___lltoft      		CODE           	4376	0000	103

/Applications/microchip/xc8/v1.38/sources/common/lltoft.c estimated size: 103

